// Jest Snapshot v1, https://goo.gl/fbAQLP

exports[`SpiritList tests renders correctly 1`] = `
<div>
  <div>
    <h2
      class="header"
    >
      bourbon
    </h2>
    <ul
      class="container"
    >
      <li
        class="container"
      >
        <article
          class="article"
        >
          <header
            class="header"
          >
            <img
              alt="Manhattan"
              class="image"
              src="https://www.liquor.com/thmb/gSN7fXX_rGkGi-3M6bmPhE7BqAk=/960x0/filters:no_upscale():max_bytes(150000):strip_icc():format(webp)/__opt__aboutcom__coeus__resources__content_migration__liquor__2018__05__10144903__Manhattan-720x720-recipe-9497922907c14d91898f557cb51f2ea3.jpg"
            />
            <h2
              class="title"
            >
              <a
                class="link"
                href="/bourbon/Manhattan"
              >
                Manhattan
              </a>
            </h2>
          </header>
          <div
            class="wrapper"
          />
          <button
            class="button"
          >
            Sip Hint
          </button>
        </article>
      </li>
    </ul>
  </div>
</div>
`;
